Γû▓ Next.js 16.1.3 (Turbopack)
- Local:         http://localhost:3000
- Network:       http://192.168.0.103:3000
- Environments: .env.local

Γ£ô Starting...
Γ£ô Ready in 7.2s
Γùï Compiling /studio/[[...tool]] ...
 GET /studio 200 in 83s (compile: 76s, render: 6.5s)
Γ£ô Finished writing to filesystem cache in 11.8s
node.exe : ΓÜá Found a change in next.config.ts. Restarting the server to apply the 
changes...
At C:\Program Files\nodejs\npx.ps1:30 char:3
+   & $NODE_EXE $NPX_CLI_JS $args
+   ~~~~~~~~~~~~~~~~~~~~~~~~~~~~~
    + CategoryInfo          : NotSpecified: (ΓÜá Found a cha... the changes...:String) [],  
   RemoteException
    + FullyQualifiedErrorId : NativeCommandError
 
Γû▓ Next.js 16.1.3 (Turbopack)
- Local:         http://localhost:3000
- Network:       http://192.168.0.103:3000
- Environments: .env.local

Γ£ô Starting...
Γ£ô Ready in 4.7s
Γùï Compiling /studio/[[...tool]] ...
Γ£ô Finished writing to filesystem cache in 10.4s
 GET /studio 200 in 96s (compile: 66s, render: 30.4s)
Γùï Compiling /api/auth/[...nextauth] ...
 GET /api/auth/session 200 in 6.2s (compile: 6.2s, render: 67ms)
 GET /api/auth/session 200 in 131ms (compile: 34ms, render: 97ms)
